src/components/StorytellingGenerator_TEST.tsx(103,41): error TS2554: Expected 1 arguments, but got 2.
src/components/StorytellingGenerator_TEST2.tsx(103,41): error TS2554: Expected 1 arguments, but got 2.
src/components/StorytellingGenerator_TEST3.tsx(103,41): error TS2554: Expected 1 arguments, but got 2.
supabase/functions/stripe-webhook/index.ts(1,23): error TS2307: Cannot find module 'https://deno.land/std@0.177.1/http/server.ts' or its corresponding type declarations.
supabase/functions/stripe-webhook/index.ts(2,20): error TS2307: Cannot find module 'npm:stripe@^14.0.0' or its corresponding type declarations.
supabase/functions/stripe-webhook/index.ts(3,30): error TS2307: Cannot find module 'https://esm.sh/@supabase/supabase-js@2' or its corresponding type declarations.
supabase/functions/stripe-webhook/index.ts(6,27): error TS2304: Cannot find name 'Deno'.
supabase/functions/stripe-webhook/index.ts(11,21): error TS2304: Cannot find name 'Deno'.
supabase/functions/stripe-webhook/index.ts(11,58): error TS2304: Cannot find name 'Deno'.
supabase/functions/stripe-webhook/index.ts(12,32): error TS2304: Cannot find name 'Deno'.
supabase/functions/stripe-webhook/index.ts(31,30): error TS2304: Cannot find name 'Deno'.
supabase/functions/stripe-webhook/index.ts(71,27): error TS2304: Cannot find name 'Deno'.
